// Jest Snapshot v1, https://goo.gl/fbAQLP

exports[`renders correctly 1`] = `
<div>
  <div
    className="main"
  >
    <div
      className="main__heroDescriptionContainer"
    >
      <h2>
        Choose hero
      </h2>
    </div>
    <div>
      <h2>
        Marvel Heroes
      </h2>
      <button
        className="main__buttonMore"
        onClick={[Function]}
      >
        Show more
      </button>
    </div>
  </div>
  <div
    className="loader "
  >
    <svg>
      marvel-logo.svg
    </svg>
  </div>
</div>
`;
